<testsuites id="" name="" tests="1" failures="1" skipped="0" errors="0" time="7.625860000000044">
<testsuite name="login.spec.ts" timestamp="2025-02-04T14:43:05.772Z" hostname="chromium" tests="1" failures="1" skipped="0" time="6.539" errors="0">
<testcase name="Login Page › should display core page elements" classname="login.spec.ts" time="6.539">
<failure message="login.spec.ts:18:7 should display core page elements" type="FAILURE">
<![CDATA[  [chromium] › login.spec.ts:18:7 › Login Page › should display core page elements ─────────────────

    Error: Timed out 5000ms waiting for expect(locator).toBeVisible()

    Locator: getByTestId('login-password')
    Expected: visible
    Received: <element(s) not found>
    Call log:
      - expect.toBeVisible with timeout 5000ms
      - waiting for getByTestId('login-password')


      31 |     await expect(page
      32 |       .getByTestId('login-password')
    > 33 |     ).toBeVisible();
         |       ^
      34 |     // await expect(page.getByTestId('login-password')).toHaveAttribute('placeholder', 'Password');
      35 |     
      36 |     // Verify login button

        at /Users/robpaddock/Development/playwright-template/tests/app/login.spec.ts:33:7

    attachment #1: screenshot (image/png) ──────────────────────────────────────────────────────────
    test-results/login-Login-Page-should-display-core-page-elements-chromium/test-failed-1.png
    ────────────────────────────────────────────────────────────────────────────────────────────────

    attachment #2: trace (application/zip) ─────────────────────────────────────────────────────────
    test-results/login-Login-Page-should-display-core-page-elements-chromium/trace.zip
    Usage:

        npx playwright show-trace test-results/login-Login-Page-should-display-core-page-elements-chromium/trace.zip

    ────────────────────────────────────────────────────────────────────────────────────────────────
]]>
</failure>
<system-out>
<![CDATA[
[[ATTACHMENT|test-results/login-Login-Page-should-display-core-page-elements-chromium/test-failed-1.png]]

[[ATTACHMENT|test-results/login-Login-Page-should-display-core-page-elements-chromium/trace.zip]]
]]>
</system-out>
</testcase>
</testsuite>
</testsuites>